Train Epoch: 1 [0/190 (0%)]	Loss: 0.111589
|train_loss: 0.004628, train_acc: 69/190 (36.32%) | train_acc:-1.00%, best_epoch:-1
/media/hd3/mingyanzhen/20210823_prostate/20210823_prostate_by_capsuleNet/0913_capsNet/3_3d/models/capsnet_3d_resnet.py:264: UserWarning: Implicit dimension choice for softmax has been deprecated. Change the call to include dim=X as an argument.
  c = F.softmax(self.b)
/media/hd3/mingyanzhen/20210823_prostate/20210823_prostate_by_capsuleNet/0913_capsNet/3_3d/models/capsnet_3d_resnet.py:274: UserWarning: Implicit dimension choice for softmax has been deprecated. Change the call to include dim=X as an argument.
  c = F.softmax(b_batch.view(-1, output_caps)).view(-1, input_caps, output_caps, 1)
|test_loss : 0.612966, test_acc : 9/36 (25.00%) | best_acc :-1.00%, best_epoch:-1

Train Epoch: 2 [0/190 (0%)]	Loss: 0.111375
|train_loss: 0.003083, train_acc: 68/190 (35.79%) | train_acc:36.32%, best_epoch:1
|test_loss : 0.595690, test_acc : 9/36 (25.00%) | best_acc :25.00%, best_epoch:1

Train Epoch: 3 [0/190 (0%)]	Loss: 0.087714
|train_loss: 0.002796, train_acc: 71/190 (37.37%) | train_acc:36.32%, best_epoch:1
|test_loss : 0.498665, test_acc : 9/36 (25.00%) | best_acc :25.00%, best_epoch:1

Train Epoch: 4 [0/190 (0%)]	Loss: 0.076519
|train_loss: 0.002695, train_acc: 80/190 (42.11%) | train_acc:37.37%, best_epoch:3
|test_loss : 0.458744, test_acc : 10/36 (27.78%) | best_acc :25.00%, best_epoch:1

Train Epoch: 5 [0/190 (0%)]	Loss: 0.079554
|train_loss: 0.002669, train_acc: 84/190 (44.21%) | train_acc:42.11%, best_epoch:4
|test_loss : 0.441574, test_acc : 9/36 (25.00%) | best_acc :27.78%, best_epoch:4

Train Epoch: 6 [0/190 (0%)]	Loss: 0.075658
|train_loss: 0.002481, train_acc: 87/190 (45.79%) | train_acc:44.21%, best_epoch:5
|test_loss : 0.444302, test_acc : 13/36 (36.11%) | best_acc :27.78%, best_epoch:4

Train Epoch: 7 [0/190 (0%)]	Loss: 0.066006
|train_loss: 0.002282, train_acc: 99/190 (52.11%) | train_acc:45.79%, best_epoch:6
|test_loss : 0.391634, test_acc : 16/36 (44.44%) | best_acc :36.11%, best_epoch:6

Train Epoch: 8 [0/190 (0%)]	Loss: 0.065849
|train_loss: 0.002156, train_acc: 113/190 (59.47%) | train_acc:52.11%, best_epoch:7
|test_loss : 0.417427, test_acc : 13/36 (36.11%) | best_acc :44.44%, best_epoch:7

Train Epoch: 9 [0/190 (0%)]	Loss: 0.058110
|train_loss: 0.001981, train_acc: 127/190 (66.84%) | train_acc:59.47%, best_epoch:8
|test_loss : 0.397064, test_acc : 10/36 (27.78%) | best_acc :44.44%, best_epoch:7

Train Epoch: 10 [0/190 (0%)]	Loss: 0.044932
|train_loss: 0.001900, train_acc: 124/190 (65.26%) | train_acc:66.84%, best_epoch:9
|test_loss : 0.411148, test_acc : 12/36 (33.33%) | best_acc :44.44%, best_epoch:7

Train Epoch: 11 [0/190 (0%)]	Loss: 0.055184
|train_loss: 0.001835, train_acc: 129/190 (67.89%) | train_acc:66.84%, best_epoch:9
|test_loss : 0.453847, test_acc : 13/36 (36.11%) | best_acc :44.44%, best_epoch:7

Train Epoch: 12 [0/190 (0%)]	Loss: 0.069511
|train_loss: 0.001970, train_acc: 119/190 (62.63%) | train_acc:67.89%, best_epoch:11
|test_loss : 0.451322, test_acc : 10/36 (27.78%) | best_acc :44.44%, best_epoch:7

Train Epoch: 13 [0/190 (0%)]	Loss: 0.046597
|train_loss: 0.001647, train_acc: 135/190 (71.05%) | train_acc:67.89%, best_epoch:11
|test_loss : 0.431831, test_acc : 14/36 (38.89%) | best_acc :44.44%, best_epoch:7

Train Epoch: 14 [0/190 (0%)]	Loss: 0.028601
|train_loss: 0.001368, train_acc: 149/190 (78.42%) | train_acc:71.05%, best_epoch:13
|test_loss : 0.407666, test_acc : 11/36 (30.56%) | best_acc :44.44%, best_epoch:7

Train Epoch: 15 [0/190 (0%)]	Loss: 0.038622
|train_loss: 0.001227, train_acc: 151/190 (79.47%) | train_acc:78.42%, best_epoch:14
|test_loss : 0.491755, test_acc : 12/36 (33.33%) | best_acc :44.44%, best_epoch:7

Train Epoch: 16 [0/190 (0%)]	Loss: 0.052574
|train_loss: 0.001205, train_acc: 157/190 (82.63%) | train_acc:79.47%, best_epoch:15
|test_loss : 0.459983, test_acc : 13/36 (36.11%) | best_acc :44.44%, best_epoch:7

Train Epoch: 17 [0/190 (0%)]	Loss: 0.020167
|train_loss: 0.000967, train_acc: 172/190 (90.53%) | train_acc:82.63%, best_epoch:16
|test_loss : 0.500612, test_acc : 8/36 (22.22%) | best_acc :44.44%, best_epoch:7

Train Epoch: 18 [0/190 (0%)]	Loss: 0.027688
|train_loss: 0.000899, train_acc: 166/190 (87.37%) | train_acc:90.53%, best_epoch:17
|test_loss : 0.464208, test_acc : 9/36 (25.00%) | best_acc :44.44%, best_epoch:7

Train Epoch: 19 [0/190 (0%)]	Loss: 0.021545
|train_loss: 0.000717, train_acc: 172/190 (90.53%) | train_acc:90.53%, best_epoch:17
|test_loss : 0.488664, test_acc : 11/36 (30.56%) | best_acc :44.44%, best_epoch:7

Train Epoch: 20 [0/190 (0%)]	Loss: 0.017471
|train_loss: 0.000631, train_acc: 172/190 (90.53%) | train_acc:90.53%, best_epoch:17
|test_loss : 0.493417, test_acc : 9/36 (25.00%) | best_acc :44.44%, best_epoch:7

Train Epoch: 21 [0/190 (0%)]	Loss: 0.017665
|train_loss: 0.000589, train_acc: 180/190 (94.74%) | train_acc:90.53%, best_epoch:17
|test_loss : 0.501072, test_acc : 10/36 (27.78%) | best_acc :44.44%, best_epoch:7

Train Epoch: 22 [0/190 (0%)]	Loss: nan
|train_loss: nan, train_acc: 37/190 (19.47%) | train_acc:94.74%, best_epoch:21
|test_loss : nan, test_acc : 5/36 (13.89%) | best_acc :44.44%, best_epoch:7

Train Epoch: 23 [0/190 (0%)]	Loss: nan
|train_loss: nan, train_acc: 9/190 (4.74%) | train_acc:94.74%, best_epoch:21
|test_loss : nan, test_acc : 5/36 (13.89%) | best_acc :44.44%, best_epoch:7

Epoch    22: reducing learning rate of group 0 to 1.0000e-04.
Train Epoch: 24 [0/190 (0%)]	Loss: nan
|train_loss: nan, train_acc: 9/190 (4.74%) | train_acc:94.74%, best_epoch:21
|test_loss : nan, test_acc : 5/36 (13.89%) | best_acc :44.44%, best_epoch:7

Train Epoch: 25 [0/190 (0%)]	Loss: nan
|train_loss: nan, train_acc: 9/190 (4.74%) | train_acc:94.74%, best_epoch:21
|test_loss : nan, test_acc : 5/36 (13.89%) | best_acc :44.44%, best_epoch:7

Train Epoch: 26 [0/190 (0%)]	Loss: nan
|train_loss: nan, train_acc: 9/190 (4.74%) | train_acc:94.74%, best_epoch:21
|test_loss : nan, test_acc : 5/36 (13.89%) | best_acc :44.44%, best_epoch:7

Train Epoch: 27 [0/190 (0%)]	Loss: nan
|train_loss: nan, train_acc: 9/190 (4.74%) | train_acc:94.74%, best_epoch:21
|test_loss : nan, test_acc : 5/36 (13.89%) | best_acc :44.44%, best_epoch:7

Train Epoch: 28 [0/190 (0%)]	Loss: nan
|train_loss: nan, train_acc: 9/190 (4.74%) | train_acc:94.74%, best_epoch:21
|test_loss : nan, test_acc : 5/36 (13.89%) | best_acc :44.44%, best_epoch:7

Train Epoch: 29 [0/190 (0%)]	Loss: nan
|train_loss: nan, train_acc: 9/190 (4.74%) | train_acc:94.74%, best_epoch:21
|test_loss : nan, test_acc : 5/36 (13.89%) | best_acc :44.44%, best_epoch:7

Train Epoch: 30 [0/190 (0%)]	Loss: nan
|train_loss: nan, train_acc: 9/190 (4.74%) | train_acc:94.74%, best_epoch:21
|test_loss : nan, test_acc : 5/36 (13.89%) | best_acc :44.44%, best_epoch:7

Train Epoch: 31 [0/190 (0%)]	Loss: nan
|train_loss: nan, train_acc: 9/190 (4.74%) | train_acc:94.74%, best_epoch:21
|test_loss : nan, test_acc : 5/36 (13.89%) | best_acc :44.44%, best_epoch:7

Train Epoch: 32 [0/190 (0%)]	Loss: nan
|train_loss: nan, train_acc: 9/190 (4.74%) | train_acc:94.74%, best_epoch:21
|test_loss : nan, test_acc : 5/36 (13.89%) | best_acc :44.44%, best_epoch:7

Train Epoch: 33 [0/190 (0%)]	Loss: nan
|train_loss: nan, train_acc: 9/190 (4.74%) | train_acc:94.74%, best_epoch:21
|test_loss : nan, test_acc : 5/36 (13.89%) | best_acc :44.44%, best_epoch:7

Train Epoch: 34 [0/190 (0%)]	Loss: nan
|train_loss: nan, train_acc: 9/190 (4.74%) | train_acc:94.74%, best_epoch:21
|test_loss : nan, test_acc : 5/36 (13.89%) | best_acc :44.44%, best_epoch:7

Train Epoch: 35 [0/190 (0%)]	Loss: nan
|train_loss: nan, train_acc: 9/190 (4.74%) | train_acc:94.74%, best_epoch:21
|test_loss : nan, test_acc : 5/36 (13.89%) | best_acc :44.44%, best_epoch:7

Train Epoch: 36 [0/190 (0%)]	Loss: nan
|train_loss: nan, train_acc: 9/190 (4.74%) | train_acc:94.74%, best_epoch:21
|test_loss : nan, test_acc : 5/36 (13.89%) | best_acc :44.44%, best_epoch:7

Train Epoch: 37 [0/190 (0%)]	Loss: nan
|train_loss: nan, train_acc: 9/190 (4.74%) | train_acc:94.74%, best_epoch:21
|test_loss : nan, test_acc : 5/36 (13.89%) | best_acc :44.44%, best_epoch:7

Train Epoch: 38 [0/190 (0%)]	Loss: nan
|train_loss: nan, train_acc: 9/190 (4.74%) | train_acc:94.74%, best_epoch:21
|test_loss : nan, test_acc : 5/36 (13.89%) | best_acc :44.44%, best_epoch:7

Train Epoch: 39 [0/190 (0%)]	Loss: nan
|train_loss: nan, train_acc: 9/190 (4.74%) | train_acc:94.74%, best_epoch:21
|test_loss : nan, test_acc : 5/36 (13.89%) | best_acc :44.44%, best_epoch:7

Epoch    38: reducing learning rate of group 0 to 1.0000e-05.
Train Epoch: 40 [0/190 (0%)]	Loss: nan
|train_loss: nan, train_acc: 9/190 (4.74%) | train_acc:94.74%, best_epoch:21
|test_loss : nan, test_acc : 5/36 (13.89%) | best_acc :44.44%, best_epoch:7

Train Epoch: 41 [0/190 (0%)]	Loss: nan
|train_loss: nan, train_acc: 9/190 (4.74%) | train_acc:94.74%, best_epoch:21
|test_loss : nan, test_acc : 5/36 (13.89%) | best_acc :44.44%, best_epoch:7

Train Epoch: 42 [0/190 (0%)]	Loss: nan
|train_loss: nan, train_acc: 9/190 (4.74%) | train_acc:94.74%, best_epoch:21
|test_loss : nan, test_acc : 5/36 (13.89%) | best_acc :44.44%, best_epoch:7

Train Epoch: 43 [0/190 (0%)]	Loss: nan
|train_loss: nan, train_acc: 9/190 (4.74%) | train_acc:94.74%, best_epoch:21
|test_loss : nan, test_acc : 5/36 (13.89%) | best_acc :44.44%, best_epoch:7

Train Epoch: 44 [0/190 (0%)]	Loss: nan
|train_loss: nan, train_acc: 9/190 (4.74%) | train_acc:94.74%, best_epoch:21
|test_loss : nan, test_acc : 5/36 (13.89%) | best_acc :44.44%, best_epoch:7

Train Epoch: 45 [0/190 (0%)]	Loss: nan
|train_loss: nan, train_acc: 9/190 (4.74%) | train_acc:94.74%, best_epoch:21
|test_loss : nan, test_acc : 5/36 (13.89%) | best_acc :44.44%, best_epoch:7

Train Epoch: 46 [0/190 (0%)]	Loss: nan
|train_loss: nan, train_acc: 9/190 (4.74%) | train_acc:94.74%, best_epoch:21
|test_loss : nan, test_acc : 5/36 (13.89%) | best_acc :44.44%, best_epoch:7

Train Epoch: 47 [0/190 (0%)]	Loss: nan
|train_loss: nan, train_acc: 9/190 (4.74%) | train_acc:94.74%, best_epoch:21
|test_loss : nan, test_acc : 5/36 (13.89%) | best_acc :44.44%, best_epoch:7

Train Epoch: 48 [0/190 (0%)]	Loss: nan
|train_loss: nan, train_acc: 9/190 (4.74%) | train_acc:94.74%, best_epoch:21
|test_loss : nan, test_acc : 5/36 (13.89%) | best_acc :44.44%, best_epoch:7

Train Epoch: 49 [0/190 (0%)]	Loss: nan
|train_loss: nan, train_acc: 9/190 (4.74%) | train_acc:94.74%, best_epoch:21
|test_loss : nan, test_acc : 5/36 (13.89%) | best_acc :44.44%, best_epoch:7

Train Epoch: 50 [0/190 (0%)]	Loss: nan
|train_loss: nan, train_acc: 9/190 (4.74%) | train_acc:94.74%, best_epoch:21
|test_loss : nan, test_acc : 5/36 (13.89%) | best_acc :44.44%, best_epoch:7

Train Epoch: 51 [0/190 (0%)]	Loss: nan
|train_loss: nan, train_acc: 9/190 (4.74%) | train_acc:94.74%, best_epoch:21
|test_loss : nan, test_acc : 5/36 (13.89%) | best_acc :44.44%, best_epoch:7

Train Epoch: 52 [0/190 (0%)]	Loss: nan
|train_loss: nan, train_acc: 9/190 (4.74%) | train_acc:94.74%, best_epoch:21
|test_loss : nan, test_acc : 5/36 (13.89%) | best_acc :44.44%, best_epoch:7

Train Epoch: 53 [0/190 (0%)]	Loss: nan
|train_loss: nan, train_acc: 9/190 (4.74%) | train_acc:94.74%, best_epoch:21
|test_loss : nan, test_acc : 5/36 (13.89%) | best_acc :44.44%, best_epoch:7

Train Epoch: 54 [0/190 (0%)]	Loss: nan
|train_loss: nan, train_acc: 9/190 (4.74%) | train_acc:94.74%, best_epoch:21
|test_loss : nan, test_acc : 5/36 (13.89%) | best_acc :44.44%, best_epoch:7

Train Epoch: 55 [0/190 (0%)]	Loss: nan
|train_loss: nan, train_acc: 9/190 (4.74%) | train_acc:94.74%, best_epoch:21
|test_loss : nan, test_acc : 5/36 (13.89%) | best_acc :44.44%, best_epoch:7

Epoch    54: reducing learning rate of group 0 to 1.0000e-06.
Train Epoch: 56 [0/190 (0%)]	Loss: nan
|train_loss: nan, train_acc: 9/190 (4.74%) | train_acc:94.74%, best_epoch:21
|test_loss : nan, test_acc : 5/36 (13.89%) | best_acc :44.44%, best_epoch:7

Train Epoch: 57 [0/190 (0%)]	Loss: nan
|train_loss: nan, train_acc: 9/190 (4.74%) | train_acc:94.74%, best_epoch:21
|test_loss : nan, test_acc : 5/36 (13.89%) | best_acc :44.44%, best_epoch:7

Train Epoch: 58 [0/190 (0%)]	Loss: nan
|train_loss: nan, train_acc: 9/190 (4.74%) | train_acc:94.74%, best_epoch:21
|test_loss : nan, test_acc : 5/36 (13.89%) | best_acc :44.44%, best_epoch:7

Train Epoch: 59 [0/190 (0%)]	Loss: nan
|train_loss: nan, train_acc: 9/190 (4.74%) | train_acc:94.74%, best_epoch:21
|test_loss : nan, test_acc : 5/36 (13.89%) | best_acc :44.44%, best_epoch:7

Train Epoch: 60 [0/190 (0%)]	Loss: nan
|train_loss: nan, train_acc: 9/190 (4.74%) | train_acc:94.74%, best_epoch:21
|test_loss : nan, test_acc : 5/36 (13.89%) | best_acc :44.44%, best_epoch:7

Train Epoch: 61 [0/190 (0%)]	Loss: nan
|train_loss: nan, train_acc: 9/190 (4.74%) | train_acc:94.74%, best_epoch:21
|test_loss : nan, test_acc : 5/36 (13.89%) | best_acc :44.44%, best_epoch:7

Train Epoch: 62 [0/190 (0%)]	Loss: nan
|train_loss: nan, train_acc: 9/190 (4.74%) | train_acc:94.74%, best_epoch:21
|test_loss : nan, test_acc : 5/36 (13.89%) | best_acc :44.44%, best_epoch:7

Train Epoch: 63 [0/190 (0%)]	Loss: nan
|train_loss: nan, train_acc: 9/190 (4.74%) | train_acc:94.74%, best_epoch:21
|test_loss : nan, test_acc : 5/36 (13.89%) | best_acc :44.44%, best_epoch:7

Train Epoch: 64 [0/190 (0%)]	Loss: nan
|train_loss: nan, train_acc: 9/190 (4.74%) | train_acc:94.74%, best_epoch:21
|test_loss : nan, test_acc : 5/36 (13.89%) | best_acc :44.44%, best_epoch:7

Train Epoch: 65 [0/190 (0%)]	Loss: nan
|train_loss: nan, train_acc: 9/190 (4.74%) | train_acc:94.74%, best_epoch:21
|test_loss : nan, test_acc : 5/36 (13.89%) | best_acc :44.44%, best_epoch:7

Train Epoch: 66 [0/190 (0%)]	Loss: nan
|train_loss: nan, train_acc: 9/190 (4.74%) | train_acc:94.74%, best_epoch:21
|test_loss : nan, test_acc : 5/36 (13.89%) | best_acc :44.44%, best_epoch:7

Train Epoch: 67 [0/190 (0%)]	Loss: nan
|train_loss: nan, train_acc: 9/190 (4.74%) | train_acc:94.74%, best_epoch:21
|test_loss : nan, test_acc : 5/36 (13.89%) | best_acc :44.44%, best_epoch:7

Train Epoch: 68 [0/190 (0%)]	Loss: nan
|train_loss: nan, train_acc: 9/190 (4.74%) | train_acc:94.74%, best_epoch:21
|test_loss : nan, test_acc : 5/36 (13.89%) | best_acc :44.44%, best_epoch:7

Train Epoch: 69 [0/190 (0%)]	Loss: nan
|train_loss: nan, train_acc: 9/190 (4.74%) | train_acc:94.74%, best_epoch:21
|test_loss : nan, test_acc : 5/36 (13.89%) | best_acc :44.44%, best_epoch:7

Train Epoch: 70 [0/190 (0%)]	Loss: nan
|train_loss: nan, train_acc: 9/190 (4.74%) | train_acc:94.74%, best_epoch:21
|test_loss : nan, test_acc : 5/36 (13.89%) | best_acc :44.44%, best_epoch:7

Train Epoch: 71 [0/190 (0%)]	Loss: nan
|train_loss: nan, train_acc: 9/190 (4.74%) | train_acc:94.74%, best_epoch:21
|test_loss : nan, test_acc : 5/36 (13.89%) | best_acc :44.44%, best_epoch:7

Train Epoch: 72 [0/190 (0%)]	Loss: nan
|train_loss: nan, train_acc: 9/190 (4.74%) | train_acc:94.74%, best_epoch:21
|test_loss : nan, test_acc : 5/36 (13.89%) | best_acc :44.44%, best_epoch:7

Train Epoch: 73 [0/190 (0%)]	Loss: nan
|train_loss: nan, train_acc: 9/190 (4.74%) | train_acc:94.74%, best_epoch:21
|test_loss : nan, test_acc : 5/36 (13.89%) | best_acc :44.44%, best_epoch:7

Train Epoch: 74 [0/190 (0%)]	Loss: nan
|train_loss: nan, train_acc: 9/190 (4.74%) | train_acc:94.74%, best_epoch:21
|test_loss : nan, test_acc : 5/36 (13.89%) | best_acc :44.44%, best_epoch:7

Train Epoch: 75 [0/190 (0%)]	Loss: nan
|train_loss: nan, train_acc: 9/190 (4.74%) | train_acc:94.74%, best_epoch:21
|test_loss : nan, test_acc : 5/36 (13.89%) | best_acc :44.44%, best_epoch:7

Train Epoch: 76 [0/190 (0%)]	Loss: nan
|train_loss: nan, train_acc: 9/190 (4.74%) | train_acc:94.74%, best_epoch:21
|test_loss : nan, test_acc : 5/36 (13.89%) | best_acc :44.44%, best_epoch:7

Train Epoch: 77 [0/190 (0%)]	Loss: nan
|train_loss: nan, train_acc: 9/190 (4.74%) | train_acc:94.74%, best_epoch:21
|test_loss : nan, test_acc : 5/36 (13.89%) | best_acc :44.44%, best_epoch:7

Train Epoch: 78 [0/190 (0%)]	Loss: nan
|train_loss: nan, train_acc: 9/190 (4.74%) | train_acc:94.74%, best_epoch:21
|test_loss : nan, test_acc : 5/36 (13.89%) | best_acc :44.44%, best_epoch:7

Train Epoch: 79 [0/190 (0%)]	Loss: nan
|train_loss: nan, train_acc: 9/190 (4.74%) | train_acc:94.74%, best_epoch:21
|test_loss : nan, test_acc : 5/36 (13.89%) | best_acc :44.44%, best_epoch:7

Train Epoch: 80 [0/190 (0%)]	Loss: nan
|train_loss: nan, train_acc: 9/190 (4.74%) | train_acc:94.74%, best_epoch:21
|test_loss : nan, test_acc : 5/36 (13.89%) | best_acc :44.44%, best_epoch:7

Train Epoch: 81 [0/190 (0%)]	Loss: nan
|train_loss: nan, train_acc: 9/190 (4.74%) | train_acc:94.74%, best_epoch:21
|test_loss : nan, test_acc : 5/36 (13.89%) | best_acc :44.44%, best_epoch:7

Train Epoch: 82 [0/190 (0%)]	Loss: nan
|train_loss: nan, train_acc: 9/190 (4.74%) | train_acc:94.74%, best_epoch:21
|test_loss : nan, test_acc : 5/36 (13.89%) | best_acc :44.44%, best_epoch:7

Train Epoch: 83 [0/190 (0%)]	Loss: nan
|train_loss: nan, train_acc: 9/190 (4.74%) | train_acc:94.74%, best_epoch:21
|test_loss : nan, test_acc : 5/36 (13.89%) | best_acc :44.44%, best_epoch:7

Train Epoch: 84 [0/190 (0%)]	Loss: nan
|train_loss: nan, train_acc: 9/190 (4.74%) | train_acc:94.74%, best_epoch:21
